[  4%] Building CXX object CMakeFiles/pair_plan_test.dir/tests/pair_plan_test.cpp.o
[  9%] Building CXX object CMakeFiles/engine_serial.dir/src/serial/serial.cpp.o
[ 22%] Building CXX object CMakeFiles/cuda_emulation_test.dir/tests/cuda_emulation_test.cpp.o
[ 22%] Building CUDA object CMakeFiles/engine_cuda.dir/src/cuda/cuda_backend.cu.o
[ 22%] Building CXX object CMakeFiles/pearson_engine_mpi.dir/src/mpi/mpi_main.cpp.o
[ 27%] Building CXX object CMakeFiles/payload_domain_test.dir/tests/payload_domain_test.cpp.o
[ 31%] Building CXX object CMakeFiles/engine_openmp.dir/src/openmp/openmp.cpp.o
[ 36%] Building CUDA object CMakeFiles/pearson_engine_nccl.dir/src/nccl/nccl_main.cu.o
[ 40%] Building CXX object CMakeFiles/timing_contract_test.dir/tests/timing_contract_test.cpp.o
[ 45%] Linking CXX static library libengine_serial.a
[ 50%] Linking CXX static library libengine_openmp.a
[ 50%] Built target engine_serial
[ 50%] Built target engine_openmp
[ 54%] Building CXX object CMakeFiles/microcases_test.dir/tests/microcases_test.cpp.o
[ 59%] Linking CXX executable timing_contract_test
[ 59%] Built target timing_contract_test
[ 63%] Linking CXX executable payload_domain_test
[ 63%] Built target payload_domain_test
[ 68%] Linking CXX executable microcases_test
[ 68%] Built target microcases_test
[ 72%] Linking CXX executable cuda_emulation_test
[ 77%] Linking CXX executable pearson_engine_mpi
[ 77%] Built target cuda_emulation_test
[ 77%] Built target pearson_engine_mpi
[ 81%] Linking CXX executable pair_plan_test
[ 81%] Built target pair_plan_test
[ 86%] Linking CUDA static library libengine_cuda.a
[ 86%] Built target engine_cuda
[ 90%] Building CXX object CMakeFiles/pearson_engine.dir/src/main.cpp.o
[ 95%] Linking CXX executable pearson_engine
[ 95%] Built target pearson_engine
[100%] Linking CUDA executable pearson_engine_nccl
[100%] Built target pearson_engine_nccl
