########## item_full ##########
  block  0 A:    4.511 ms median of 500
  block  0 D:    3.063 ms median of 500
  block  0 C:    2.338 ms median of 500
  block  0 B:    3.334 ms median of 500
  block  1 B:    8.311 ms median of 500
  block  1 A:    5.231 ms median of 500
  block  1 D:    2.320 ms median of 500
  block  1 C:    2.351 ms median of 500
  block  2 C:    3.048 ms median of 500
  block  2 B:    3.267 ms median of 500
  block  2 D:    3.015 ms median of 500
  block  2 A:    4.450 ms median of 500
  block  3 B:    3.287 ms median of 500
  block  3 A:    4.460 ms median of 500
  block  3 D:    3.051 ms median of 500
  block  3 C:    2.742 ms median of 500
  block  4 A:    4.451 ms median of 500
  block  4 C:    3.064 ms median of 500
  block  4 D:    2.307 ms median of 500
  block  4 B:    2.554 ms median of 500
  block  5 C:    2.351 ms median of 500
  block  5 D:    3.025 ms median of 500
  block  5 B:    4.003 ms median of 500
  block  5 A:    6.067 ms median of 500
  block  6 D:    3.013 ms median of 500
  block  6 A:   16.217 ms median of 500
  block  6 C:    3.129 ms median of 500
  block  6 B:   17.536 ms median of 500
  block  7 D:    2.311 ms median of 500
  block  7 B:    2.565 ms median of 500
  block  7 A:    3.723 ms median of 500
  block  7 C:    2.331 ms median of 500
  block  8 C:    3.109 ms median of 500
  block  8 D:    2.301 ms median of 500
  block  8 B:    2.571 ms median of 500
  block  8 A:    3.727 ms median of 500
  block  9 D:    2.292 ms median of 500
  block  9 A:    3.730 ms median of 500
  block  9 B:    2.540 ms median of 500
  block  9 C:    2.343 ms median of 500
  --- segment 1: pausing 180s ---
  block 10 A:    4.501 ms median of 500
  block 10 C:    3.067 ms median of 500
  block 10 D:    3.017 ms median of 500
  block 10 B:    3.262 ms median of 500
  block 11 C:    3.092 ms median of 500
  block 11 D:    3.028 ms median of 500
  block 11 A:    4.458 ms median of 500
  block 11 B:    3.295 ms median of 500
  block 12 C:    6.437 ms median of 500
  block 12 D:    3.012 ms median of 500
  block 12 A:    5.547 ms median of 500
  block 12 B:    3.296 ms median of 500
  block 13 B:    3.956 ms median of 500
  block 13 A:    4.461 ms median of 500
  block 13 D:    3.042 ms median of 500
  block 13 C:    3.069 ms median of 500
  block 14 B:    3.954 ms median of 500
  block 14 C:    2.330 ms median of 500
  block 14 A:    3.726 ms median of 500
  block 14 D:    2.283 ms median of 500
  block 15 C:    2.338 ms median of 500
  block 15 D:    2.296 ms median of 500
  block 15 B:    2.547 ms median of 500
  block 15 A:    4.467 ms median of 500
  block 16 B:    3.275 ms median of 500
  block 16 D:    3.008 ms median of 500
  block 16 A:    4.448 ms median of 500
  block 16 C:    3.066 ms median of 500
  block 17 C:    3.152 ms median of 500
  block 17 A:    4.467 ms median of 500
  block 17 B:    3.271 ms median of 500
  block 17 D:    3.030 ms median of 500
  block 18 D:    3.009 ms median of 500
  block 18 B:    3.286 ms median of 500
  block 18 A:    4.455 ms median of 500
  block 18 C:    3.056 ms median of 500
  block 19 B:    3.285 ms median of 500
  block 19 C:    3.053 ms median of 500
  block 19 A:    4.468 ms median of 500
  block 19 D:    3.014 ms median of 500
  --- segment 2: pausing 180s ---
  block 20 C:    3.069 ms median of 500
  block 20 A:    4.461 ms median of 500
  block 20 D:    3.001 ms median of 500
  block 20 B:    3.281 ms median of 500
  block 21 B:    3.276 ms median of 500
  block 21 D:    3.019 ms median of 500
  block 21 C:    3.055 ms median of 500
  block 21 A:    4.458 ms median of 500
  block 22 D:    3.014 ms median of 500
  block 22 C:    3.068 ms median of 500
  block 22 A:    4.459 ms median of 500
  block 22 B:    3.285 ms median of 500
  block 23 A:    4.478 ms median of 500
  block 23 B:    3.284 ms median of 500
  block 23 C:    3.062 ms median of 500
  block 23 D:    3.008 ms median of 500
  block 24 B:    3.278 ms median of 500
  block 24 D:    3.004 ms median of 500
  block 24 C:    3.054 ms median of 500
  block 24 A:    4.465 ms median of 500
  block 25 A:    4.456 ms median of 500
  block 25 C:    3.042 ms median of 500
  block 25 B:    3.288 ms median of 500
  block 25 D:    3.018 ms median of 500
  block 26 A:    4.456 ms median of 500
  block 26 C:    3.061 ms median of 500
  block 26 D:    3.012 ms median of 500
  block 26 B:    3.277 ms median of 500
  block 27 A:    4.457 ms median of 500
  block 27 C:    3.040 ms median of 500
  block 27 D:    3.007 ms median of 500
  block 27 B:    3.280 ms median of 500
  block 28 A:    4.467 ms median of 500
  block 28 D:    3.006 ms median of 500
  block 28 C:    3.049 ms median of 500
  block 28 B:    3.285 ms median of 500
  block 29 D:    3.026 ms median of 500
  block 29 B:    3.358 ms median of 500
  block 29 A:    4.516 ms median of 500
  block 29 C:    3.038 ms median of 500

30 complete blocks of 30 (0 failures) -> /root/formal/formal_item_full.json
########## user_full ##########
  block  0 A:    2.191 ms median of 500
  block  0 D:    1.539 ms median of 500
  block  0 C:    1.766 ms median of 500
  block  0 B:    2.840 ms median of 500
  block  1 B:    2.849 ms median of 500
  block  1 A:    2.188 ms median of 500
  block  1 D:    2.411 ms median of 500
  block  1 C:    2.631 ms median of 500
  block  2 C:    2.703 ms median of 500
  block  2 B:    2.851 ms median of 500
  block  2 D:    1.535 ms median of 500
  block  2 A:    2.200 ms median of 500
  block  3 B:    2.842 ms median of 500
  block  3 A:    3.078 ms median of 500
  block  3 D:    2.410 ms median of 500
  block  3 C:    2.625 ms median of 500
  block  4 A:    3.060 ms median of 500
  block  4 C:    2.589 ms median of 500
  block  4 D:    2.400 ms median of 500
  block  4 B:    2.999 ms median of 500
  block  5 C:    2.607 ms median of 500
  block  5 D:    1.988 ms median of 500
  block  5 B:    2.552 ms median of 500
  block  5 A:    3.064 ms median of 500
  block  6 D:    2.408 ms median of 500
  block  6 A:    3.057 ms median of 500
  block  6 C:    2.585 ms median of 500
  block  6 B:    2.836 ms median of 500
  block  7 D:    2.413 ms median of 500
  block  7 B:    2.863 ms median of 500
  block  7 A:    3.065 ms median of 500
  block  7 C:    2.568 ms median of 500
  block  8 C:    2.594 ms median of 500
  block  8 D:    2.400 ms median of 500
  block  8 B:    2.853 ms median of 500
  block  8 A:    3.050 ms median of 500
  block  9 D:    2.414 ms median of 500
  block  9 A:    5.157 ms median of 500
  block  9 B:    2.852 ms median of 500
  block  9 C:    2.569 ms median of 500
  --- segment 1: pausing 180s ---
  block 10 A:    3.067 ms median of 500
  block 10 C:    2.586 ms median of 500
  block 10 D:    2.401 ms median of 500
  block 10 B:    2.843 ms median of 500
  block 11 C:    2.191 ms median of 500
  block 11 D:    2.407 ms median of 500
  block 11 A:    3.938 ms median of 500
  block 11 B:    1.977 ms median of 500
  block 12 C:    1.722 ms median of 500
  block 12 D:    1.539 ms median of 500
  block 12 A:    2.183 ms median of 500
  block 12 B:    1.977 ms median of 500
  block 13 B:    3.802 ms median of 500
  block 13 A:    3.069 ms median of 500
  block 13 D:    2.411 ms median of 500
  block 13 C:    2.689 ms median of 500
  block 14 B:    2.864 ms median of 500
  block 14 C:    2.127 ms median of 500
  block 14 A:    3.059 ms median of 500
  block 14 D:    2.582 ms median of 500
  block 15 C:    2.598 ms median of 500
  block 15 D:    2.062 ms median of 500
  block 15 B:    2.859 ms median of 500
  block 15 A:    3.075 ms median of 500
  block 16 B:    2.835 ms median of 500
  block 16 D:    2.066 ms median of 500
  block 16 A:    3.067 ms median of 500
  block 16 C:    2.105 ms median of 500
  block 17 C:    2.588 ms median of 500
  block 17 A:    3.061 ms median of 500
  block 17 B:    2.838 ms median of 500
  block 17 D:    2.038 ms median of 500
  block 18 D:    2.403 ms median of 500
  block 18 B:    2.872 ms median of 500
  block 18 A:   17.806 ms median of 500
  block 18 C:    2.586 ms median of 500
  block 19 B:    2.851 ms median of 500
  block 19 C:    2.611 ms median of 500
  block 19 A:    3.059 ms median of 500
  block 19 D:    2.399 ms median of 500
  --- segment 2: pausing 180s ---
  block 20 C:    2.604 ms median of 500
  block 20 A:    3.045 ms median of 500
  block 20 D:    2.404 ms median of 500
  block 20 B:    2.845 ms median of 500
  block 21 B:    3.082 ms median of 500
  block 21 D:    2.379 ms median of 500
  block 21 C:    2.828 ms median of 500
  block 21 A:    3.144 ms median of 500
  block 22 D:    2.410 ms median of 500
  block 22 C:    2.703 ms median of 500
  block 22 A:    3.066 ms median of 500
  block 22 B:   18.430 ms median of 500
  block 23 A:    3.055 ms median of 500
  block 23 B:    2.983 ms median of 500
  block 23 C:    2.675 ms median of 500
  block 23 D:    2.505 ms median of 500
  block 24 B:    3.013 ms median of 500
  block 24 D:    2.149 ms median of 500
  block 24 C:    2.644 ms median of 500
  block 24 A:    3.221 ms median of 500
  block 25 A:    3.157 ms median of 500
  block 25 C:    2.628 ms median of 500
  block 25 B:    2.878 ms median of 500
  block 25 D:    2.397 ms median of 500
  block 26 A:    3.591 ms median of 500
  block 26 C:    2.600 ms median of 500
  block 26 D:    2.406 ms median of 500
  block 26 B:    2.965 ms median of 500
  block 27 A:    3.063 ms median of 500
  block 27 C:    2.597 ms median of 500
  block 27 D:    2.558 ms median of 500
  block 27 B:    2.873 ms median of 500
  block 28 A:    3.051 ms median of 500
  block 28 D:    2.372 ms median of 500
  block 28 C:    2.632 ms median of 500
  block 28 B:    2.866 ms median of 500
  block 29 D:    2.390 ms median of 500
  block 29 B:    2.844 ms median of 500
  block 29 A:    3.057 ms median of 500
  block 29 C:    2.607 ms median of 500

30 complete blocks of 30 (0 failures) -> /root/formal/formal_user_full.json
ALL_FORMAL_DONE
